// Jest Snapshot v1, https://goo.gl/fbAQLP

exports[`Portal component tests should not render without portal element 1`] = `<div />`;
